  Welcome to Space Defender Version 1.
->play(5,10,5,1)
  state:1.0, ok
      1  2  3  4  5  6  7  8  9 10
    A _  _  _  _  _  _  _  _  _  _
    B _  _  _  _  _  _  _  _  _  _
    C S  _  _  _  _  _  _  _  _  _
    D _  _  _  _  _  _  _  _  _  _
    E _  _  _  _  _  _  _  _  _  _
->move(E,5)
  state:1.1, error
  The location to move to is out of the Starfighter's movement range.
