  Welcome to Space Defender Version 1.
->play(10,5,5,5)
  state:1.0, ok
      1  2  3  4  5
    A _  _  _  _  _
    B _  _  _  _  _
    C _  _  _  _  _
    D _  _  _  _  _
    E S  _  _  _  _
    F _  _  _  _  _
    G _  _  _  _  _
    H _  _  _  _  _
    I _  _  _  _  _
    J _  _  _  _  _
->play(10,5,5,5)
  state:1.1, error
  Please end the current game before starting a new one.
->play(10,5,5,5)
  state:1.2, error
  Please end the current game before starting a new one.
->play(10,5,5,5)
  state:1.3, error
  Please end the current game before starting a new one.
->abort
  state:2.0, ok
  Game has been exited.
->play(10,5,5,5)
  state:3.0, ok
      1  2  3  4  5
    A _  _  _  _  _
    B _  _  _  _  _
    C _  _  _  _  _
    D _  _  _  _  _
    E S  _  _  _  _
    F _  _  _  _  _
    G _  _  _  _  _
    H _  _  _  _  _
    I _  _  _  _  _
    J _  _  _  _  _
