  Welcome to Space Defender Version 1.
->abort
  state:0.1, error
  Not in game.
->abort
  state:0.2, error
  Not in game.
->play(5,10,5,1)
  state:1.0, ok
      1  2  3  4  5  6  7  8  9 10
    A _  _  _  _  _  _  _  _  _  _
    B _  _  _  _  _  _  _  _  _  _
    C S  _  _  _  _  _  _  _  _  _
    D _  _  _  _  _  _  _  _  _  _
    E _  _  _  _  _  _  _  _  _  _
->move(J,10)
  state:1.1, error
  The location to move to is outside of the board.
->move(A,2)
  state:2.0, ok
  The Starfighter moves: [C,1] -> [A,2]
      1  2  3  4  5  6  7  8  9 10
    A _  S  _  _  _  _  _  _  _  _
    B _  _  _  _  _  _  _  _  _  _
    C _  _  _  _  _  _  _  _  _  _
    D _  _  _  _  _  _  _  _  _  _
    E _  _  _  _  _  _  _  _  _  _
->fire
  state:3.0, ok
  The Starfighter fires a projectile at: [A,2]
      1  2  3  4  5  6  7  8  9 10
    A _  S  *  _  _  _  _  _  _  _
    B _  _  _  _  _  _  _  _  _  _
    C _  _  _  _  _  _  _  _  _  _
    D _  _  _  _  _  _  _  _  _  _
    E _  _  _  _  _  _  _  _  _  _
->fire
  state:4.0, ok
  A projectile moves: [A,3] -> [A,4]
  The Starfighter fires a projectile at: [A,2]
      1  2  3  4  5  6  7  8  9 10
    A _  S  *  *  _  _  _  _  _  _
    B _  _  _  _  _  _  _  _  _  _
    C _  _  _  _  _  _  _  _  _  _
    D _  _  _  _  _  _  _  _  _  _
    E _  _  _  _  _  _  _  _  _  _
->move(B,3)
  state:5.0, ok
  A projectile moves: [A,4] -> [A,5]
  A projectile moves: [A,3] -> [A,4]
  The Starfighter moves: [A,2] -> [B,3]
      1  2  3  4  5  6  7  8  9 10
    A _  _  _  *  *  _  _  _  _  _
    B _  _  S  _  _  _  _  _  _  _
    C _  _  _  _  _  _  _  _  _  _
    D _  _  _  _  _  _  _  _  _  _
    E _  _  _  _  _  _  _  _  _  _
->move(A,5)
  state:6.0, ok
  A projectile moves: [A,5] -> [A,6]
  A projectile moves: [A,4] -> [A,5]
  The Starfighter moves and collides with a projectile: [B,3] -> [A,5]
      1  2  3  4  5  6  7  8  9 10
    A _  _  _  _  X  *  _  _  _  _
    B _  _  _  _  _  _  _  _  _  _
    C _  _  _  _  _  _  _  _  _  _
    D _  _  _  _  _  _  _  _  _  _
    E _  _  _  _  _  _  _  _  _  _
  The game is over. Better luck next time!
->pass
  state:6.1, error
  Not in game.
->pass
  state:6.2, error
  Not in game.
->pass
  state:6.3, error
  Not in game.
->play(5,10,5,1)
  state:7.0, ok
      1  2  3  4  5  6  7  8  9 10
    A _  _  _  _  _  _  _  _  _  _
    B _  _  _  _  _  _  _  _  _  _
    C S  _  _  _  _  _  _  _  _  _
    D _  _  _  _  _  _  _  _  _  _
    E _  _  _  _  _  _  _  _  _  _
->move(A,2)
  state:8.0, ok
  The Starfighter moves: [C,1] -> [A,2]
      1  2  3  4  5  6  7  8  9 10
    A _  S  _  _  _  _  _  _  _  _
    B _  _  _  _  _  _  _  _  _  _
    C _  _  _  _  _  _  _  _  _  _
    D _  _  _  _  _  _  _  _  _  _
    E _  _  _  _  _  _  _  _  _  _
->play(5,10,5,1)
  state:8.1, error
  Please end the current game before starting a new one.
->pass
  state:9.0, ok
  The Starfighter stays at: [A,2]
      1  2  3  4  5  6  7  8  9 10
    A _  S  _  _  _  _  _  _  _  _
    B _  _  _  _  _  _  _  _  _  _
    C _  _  _  _  _  _  _  _  _  _
    D _  _  _  _  _  _  _  _  _  _
    E _  _  _  _  _  _  _  _  _  _
->abort
  state:10.0, ok
  Game has been exited.
->play(5,10,5,1)
  state:11.0, ok
      1  2  3  4  5  6  7  8  9 10
    A _  _  _  _  _  _  _  _  _  _
    B _  _  _  _  _  _  _  _  _  _
    C S  _  _  _  _  _  _  _  _  _
    D _  _  _  _  _  _  _  _  _  _
    E _  _  _  _  _  _  _  _  _  _
->fire
  state:12.0, ok
  The Starfighter fires a projectile at: [C,1]
      1  2  3  4  5  6  7  8  9 10
    A _  _  _  _  _  _  _  _  _  _
    B _  _  _  _  _  _  _  _  _  _
    C S  *  _  _  _  _  _  _  _  _
    D _  _  _  _  _  _  _  _  _  _
    E _  _  _  _  _  _  _  _  _  _
->move(B,1)
  state:13.0, ok
  A projectile moves: [C,2] -> [C,3]
  The Starfighter moves: [C,1] -> [B,1]
      1  2  3  4  5  6  7  8  9 10
    A _  _  _  _  _  _  _  _  _  _
    B S  _  _  _  _  _  _  _  _  _
    C _  _  *  _  _  _  _  _  _  _
    D _  _  _  _  _  _  _  _  _  _
    E _  _  _  _  _  _  _  _  _  _
->fire
  state:14.0, ok
  A projectile moves: [C,3] -> [C,4]
  The Starfighter fires a projectile at: [B,1]
      1  2  3  4  5  6  7  8  9 10
    A _  _  _  _  _  _  _  _  _  _
    B S  *  _  _  _  _  _  _  _  _
    C _  _  _  *  _  _  _  _  _  _
    D _  _  _  _  _  _  _  _  _  _
    E _  _  _  _  _  _  _  _  _  _
->move(A,1)
  state:15.0, ok
  A projectile moves: [C,4] -> [C,5]
  A projectile moves: [B,2] -> [B,3]
  The Starfighter moves: [B,1] -> [A,1]
      1  2  3  4  5  6  7  8  9 10
    A S  _  _  _  _  _  _  _  _  _
    B _  _  *  _  _  _  _  _  _  _
    C _  _  _  _  *  _  _  _  _  _
    D _  _  _  _  _  _  _  _  _  _
    E _  _  _  _  _  _  _  _  _  _
->fire
  state:16.0, ok
  A projectile moves: [C,5] -> [C,6]
  A projectile moves: [B,3] -> [B,4]
  The Starfighter fires a projectile at: [A,1]
      1  2  3  4  5  6  7  8  9 10
    A S  *  _  _  _  _  _  _  _  _
    B _  _  _  *  _  _  _  _  _  _
    C _  _  _  _  _  *  _  _  _  _
    D _  _  _  _  _  _  _  _  _  _
    E _  _  _  _  _  _  _  _  _  _
->move(D,1)
  state:17.0, ok
  A projectile moves: [C,6] -> [C,7]
  A projectile moves: [B,4] -> [B,5]
  A projectile moves: [A,2] -> [A,3]
  The Starfighter moves: [A,1] -> [D,1]
      1  2  3  4  5  6  7  8  9 10
    A _  _  *  _  _  _  _  _  _  _
    B _  _  _  _  *  _  _  _  _  _
    C _  _  _  _  _  _  *  _  _  _
    D S  _  _  _  _  _  _  _  _  _
    E _  _  _  _  _  _  _  _  _  _
->fire
  state:18.0, ok
  A projectile moves: [C,7] -> [C,8]
  A projectile moves: [B,5] -> [B,6]
  A projectile moves: [A,3] -> [A,4]
  The Starfighter fires a projectile at: [D,1]
      1  2  3  4  5  6  7  8  9 10
    A _  _  _  *  _  _  _  _  _  _
    B _  _  _  _  _  *  _  _  _  _
    C _  _  _  _  _  _  _  *  _  _
    D S  *  _  _  _  _  _  _  _  _
    E _  _  _  _  _  _  _  _  _  _
->move(E,1)
  state:19.0, ok
  A projectile moves: [C,8] -> [C,9]
  A projectile moves: [B,6] -> [B,7]
  A projectile moves: [A,4] -> [A,5]
  A projectile moves: [D,2] -> [D,3]
  The Starfighter moves: [D,1] -> [E,1]
      1  2  3  4  5  6  7  8  9 10
    A _  _  _  _  *  _  _  _  _  _
    B _  _  _  _  _  _  *  _  _  _
    C _  _  _  _  _  _  _  _  *  _
    D _  _  *  _  _  _  _  _  _  _
    E S  _  _  _  _  _  _  _  _  _
->fire
  state:20.0, ok
  A projectile moves: [C,9] -> [C,10]
  A projectile moves: [B,7] -> [B,8]
  A projectile moves: [A,5] -> [A,6]
  A projectile moves: [D,3] -> [D,4]
  The Starfighter fires a projectile at: [E,1]
      1  2  3  4  5  6  7  8  9 10
    A _  _  _  _  _  *  _  _  _  _
    B _  _  _  _  _  _  _  *  _  _
    C _  _  _  _  _  _  _  _  _  *
    D _  _  _  *  _  _  _  _  _  _
    E S  *  _  _  _  _  _  _  _  _
->pass
  state:21.0, ok
  A projectile moves: [C,10] -> out of the board
  A projectile moves: [B,8] -> [B,9]
  A projectile moves: [A,6] -> [A,7]
  A projectile moves: [D,4] -> [D,5]
  A projectile moves: [E,2] -> [E,3]
  The Starfighter stays at: [E,1]
      1  2  3  4  5  6  7  8  9 10
    A _  _  _  _  _  _  *  _  _  _
    B _  _  _  _  _  _  _  _  *  _
    C _  _  _  _  _  _  _  _  _  _
    D _  _  _  _  *  _  _  _  _  _
    E S  _  *  _  _  _  _  _  _  _
->pass
  state:22.0, ok
  A projectile moves: [B,9] -> [B,10]
  A projectile moves: [A,7] -> [A,8]
  A projectile moves: [D,5] -> [D,6]
  A projectile moves: [E,3] -> [E,4]
  The Starfighter stays at: [E,1]
      1  2  3  4  5  6  7  8  9 10
    A _  _  _  _  _  _  _  *  _  _
    B _  _  _  _  _  _  _  _  _  *
    C _  _  _  _  _  _  _  _  _  _
    D _  _  _  _  _  *  _  _  _  _
    E S  _  _  *  _  _  _  _  _  _
->pass
  state:23.0, ok
  A projectile moves: [B,10] -> out of the board
  A projectile moves: [A,8] -> [A,9]
  A projectile moves: [D,6] -> [D,7]
  A projectile moves: [E,4] -> [E,5]
  The Starfighter stays at: [E,1]
      1  2  3  4  5  6  7  8  9 10
    A _  _  _  _  _  _  _  _  *  _
    B _  _  _  _  _  _  _  _  _  _
    C _  _  _  _  _  _  _  _  _  _
    D _  _  _  _  _  _  *  _  _  _
    E S  _  _  _  *  _  _  _  _  _
->pass
  state:24.0, ok
  A projectile moves: [A,9] -> [A,10]
  A projectile moves: [D,7] -> [D,8]
  A projectile moves: [E,5] -> [E,6]
  The Starfighter stays at: [E,1]
      1  2  3  4  5  6  7  8  9 10
    A _  _  _  _  _  _  _  _  _  *
    B _  _  _  _  _  _  _  _  _  _
    C _  _  _  _  _  _  _  _  _  _
    D _  _  _  _  _  _  _  *  _  _
    E S  _  _  _  _  *  _  _  _  _
->pass
  state:25.0, ok
  A projectile moves: [A,10] -> out of the board
  A projectile moves: [D,8] -> [D,9]
  A projectile moves: [E,6] -> [E,7]
  The Starfighter stays at: [E,1]
      1  2  3  4  5  6  7  8  9 10
    A _  _  _  _  _  _  _  _  _  _
    B _  _  _  _  _  _  _  _  _  _
    C _  _  _  _  _  _  _  _  _  _
    D _  _  _  _  _  _  _  _  *  _
    E S  _  _  _  _  _  *  _  _  _
->pass
  state:26.0, ok
  A projectile moves: [D,9] -> [D,10]
  A projectile moves: [E,7] -> [E,8]
  The Starfighter stays at: [E,1]
      1  2  3  4  5  6  7  8  9 10
    A _  _  _  _  _  _  _  _  _  _
    B _  _  _  _  _  _  _  _  _  _
    C _  _  _  _  _  _  _  _  _  _
    D _  _  _  _  _  _  _  _  _  *
    E S  _  _  _  _  _  _  *  _  _
->pass
  state:27.0, ok
  A projectile moves: [D,10] -> out of the board
  A projectile moves: [E,8] -> [E,9]
  The Starfighter stays at: [E,1]
      1  2  3  4  5  6  7  8  9 10
    A _  _  _  _  _  _  _  _  _  _
    B _  _  _  _  _  _  _  _  _  _
    C _  _  _  _  _  _  _  _  _  _
    D _  _  _  _  _  _  _  _  _  _
    E S  _  _  _  _  _  _  _  *  _
->pass
  state:28.0, ok
  A projectile moves: [E,9] -> [E,10]
  The Starfighter stays at: [E,1]
      1  2  3  4  5  6  7  8  9 10
    A _  _  _  _  _  _  _  _  _  _
    B _  _  _  _  _  _  _  _  _  _
    C _  _  _  _  _  _  _  _  _  _
    D _  _  _  _  _  _  _  _  _  _
    E S  _  _  _  _  _  _  _  _  *
->pass
  state:29.0, ok
  A projectile moves: [E,10] -> out of the board
  The Starfighter stays at: [E,1]
      1  2  3  4  5  6  7  8  9 10
    A _  _  _  _  _  _  _  _  _  _
    B _  _  _  _  _  _  _  _  _  _
    C _  _  _  _  _  _  _  _  _  _
    D _  _  _  _  _  _  _  _  _  _
    E S  _  _  _  _  _  _  _  _  _
->fire
  state:30.0, ok
  The Starfighter fires a projectile at: [E,1]
      1  2  3  4  5  6  7  8  9 10
    A _  _  _  _  _  _  _  _  _  _
    B _  _  _  _  _  _  _  _  _  _
    C _  _  _  _  _  _  _  _  _  _
    D _  _  _  _  _  _  _  _  _  _
    E S  *  _  _  _  _  _  _  _  _
->fire
  state:31.0, ok
  A projectile moves: [E,2] -> [E,3]
  The Starfighter fires a projectile at: [E,1]
      1  2  3  4  5  6  7  8  9 10
    A _  _  _  _  _  _  _  _  _  _
    B _  _  _  _  _  _  _  _  _  _
    C _  _  _  _  _  _  _  _  _  _
    D _  _  _  _  _  _  _  _  _  _
    E S  *  *  _  _  _  _  _  _  _
->move(E,5)
  state:32.0, ok
  A projectile moves: [E,3] -> [E,4]
  A projectile moves: [E,2] -> [E,3]
  The Starfighter moves and collides with a projectile: [E,1] -> [E,3]
      1  2  3  4  5  6  7  8  9 10
    A _  _  _  _  _  _  _  _  _  _
    B _  _  _  _  _  _  _  _  _  _
    C _  _  _  _  _  _  _  _  _  _
    D _  _  _  _  _  _  _  _  _  _
    E _  _  X  *  _  _  _  _  _  _
  The game is over. Better luck next time!
