  Welcome to Space Defender Version 1.
->undo
  state:0.1, error
  Not in game.
->undo
  state:0.2, error
  Not in game.
->redo
  state:0.3, error
  Not in game.
->redo
  state:0.4, error
  Not in game.
->play(5,10,5,2)
  state:1.0, ok
      1  2  3  4  5  6  7  8  9 10
    A _  _  _  _  _  _  _  _  _  _
    B _  _  _  _  _  _  _  _  _  _
    C S  _  _  _  _  _  _  _  _  _
    D _  _  _  _  _  _  _  _  _  _
    E _  _  _  _  _  _  _  _  _  _
->fire
  state:2.0, ok
  The Starfighter fires a projectile at: [C,1]
      1  2  3  4  5  6  7  8  9 10
    A _  _  _  _  _  _  _  _  _  _
    B _  _  _  _  _  _  _  _  _  _
    C S  *  _  _  _  _  _  _  _  _
    D _  _  _  _  _  _  _  _  _  _
    E _  _  _  _  _  _  _  _  _  _
->move(A,1)
  state:3.0, ok
  A projectile moves: [C,2] -> [C,4]
  The Starfighter moves: [C,1] -> [A,1]
      1  2  3  4  5  6  7  8  9 10
    A S  _  _  _  _  _  _  _  _  _
    B _  _  _  _  _  _  _  _  _  _
    C _  _  _  *  _  _  _  _  _  _
    D _  _  _  _  _  _  _  _  _  _
    E _  _  _  _  _  _  _  _  _  _
->fire
  state:4.0, ok
  A projectile moves: [C,4] -> [C,6]
  The Starfighter fires a projectile at: [A,1]
      1  2  3  4  5  6  7  8  9 10
    A S  *  _  _  _  _  _  _  _  _
    B _  _  _  _  _  _  _  _  _  _
    C _  _  _  _  _  *  _  _  _  _
    D _  _  _  _  _  _  _  _  _  _
    E _  _  _  _  _  _  _  _  _  _
->move(D,1)
  state:5.0, ok
  A projectile moves: [C,6] -> [C,8]
  A projectile moves: [A,2] -> [A,4]
  The Starfighter moves: [A,1] -> [D,1]
      1  2  3  4  5  6  7  8  9 10
    A _  _  _  *  _  _  _  _  _  _
    B _  _  _  _  _  _  _  _  _  _
    C _  _  _  _  _  _  _  *  _  _
    D S  _  _  _  _  _  _  _  _  _
    E _  _  _  _  _  _  _  _  _  _
->fire
  state:6.0, ok
  A projectile moves: [C,8] -> [C,10]
  A projectile moves: [A,4] -> [A,6]
  The Starfighter fires a projectile at: [D,1]
      1  2  3  4  5  6  7  8  9 10
    A _  _  _  _  _  *  _  _  _  _
    B _  _  _  _  _  _  _  _  _  _
    C _  _  _  _  _  _  _  _  _  *
    D S  *  _  _  _  _  _  _  _  _
    E _  _  _  _  _  _  _  _  _  _
->undo
  state:5.0, ok
  A projectile moves: [C,6] -> [C,8]
  A projectile moves: [A,2] -> [A,4]
  The Starfighter moves: [A,1] -> [D,1]
      1  2  3  4  5  6  7  8  9 10
    A _  _  _  *  _  _  _  _  _  _
    B _  _  _  _  _  _  _  _  _  _
    C _  _  _  _  _  _  _  *  _  _
    D S  _  _  _  _  _  _  _  _  _
    E _  _  _  _  _  _  _  _  _  _
->redo
  state:6.0, ok
  A projectile moves: [C,8] -> [C,10]
  A projectile moves: [A,4] -> [A,6]
  The Starfighter fires a projectile at: [D,1]
      1  2  3  4  5  6  7  8  9 10
    A _  _  _  _  _  *  _  _  _  _
    B _  _  _  _  _  _  _  _  _  _
    C _  _  _  _  _  _  _  _  _  *
    D S  *  _  _  _  _  _  _  _  _
    E _  _  _  _  _  _  _  _  _  _
->pass
  state:7.0, ok
  A projectile moves: [C,10] -> out of the board
  A projectile moves: [A,6] -> [A,8]
  A projectile moves: [D,2] -> [D,4]
  The Starfighter stays at: [D,1]
      1  2  3  4  5  6  7  8  9 10
    A _  _  _  _  _  _  _  *  _  _
    B _  _  _  _  _  _  _  _  _  _
    C _  _  _  _  _  _  _  _  _  _
    D S  _  _  *  _  _  _  _  _  _
    E _  _  _  _  _  _  _  _  _  _
->pass
  state:8.0, ok
  A projectile moves: [A,8] -> [A,10]
  A projectile moves: [D,4] -> [D,6]
  The Starfighter stays at: [D,1]
      1  2  3  4  5  6  7  8  9 10
    A _  _  _  _  _  _  _  _  _  *
    B _  _  _  _  _  _  _  _  _  _
    C _  _  _  _  _  _  _  _  _  _
    D S  _  _  _  _  *  _  _  _  _
    E _  _  _  _  _  _  _  _  _  _
->pass
  state:9.0, ok
  A projectile moves: [A,10] -> out of the board
  A projectile moves: [D,6] -> [D,8]
  The Starfighter stays at: [D,1]
      1  2  3  4  5  6  7  8  9 10
    A _  _  _  _  _  _  _  _  _  _
    B _  _  _  _  _  _  _  _  _  _
    C _  _  _  _  _  _  _  _  _  _
    D S  _  _  _  _  _  _  *  _  _
    E _  _  _  _  _  _  _  _  _  _
->pass
  state:10.0, ok
  A projectile moves: [D,8] -> [D,10]
  The Starfighter stays at: [D,1]
      1  2  3  4  5  6  7  8  9 10
    A _  _  _  _  _  _  _  _  _  _
    B _  _  _  _  _  _  _  _  _  _
    C _  _  _  _  _  _  _  _  _  _
    D S  _  _  _  _  _  _  _  _  *
    E _  _  _  _  _  _  _  _  _  _
->pass
  state:11.0, ok
  A projectile moves: [D,10] -> out of the board
  The Starfighter stays at: [D,1]
      1  2  3  4  5  6  7  8  9 10
    A _  _  _  _  _  _  _  _  _  _
    B _  _  _  _  _  _  _  _  _  _
    C _  _  _  _  _  _  _  _  _  _
    D S  _  _  _  _  _  _  _  _  _
    E _  _  _  _  _  _  _  _  _  _
->pass
  state:12.0, ok
  The Starfighter stays at: [D,1]
      1  2  3  4  5  6  7  8  9 10
    A _  _  _  _  _  _  _  _  _  _
    B _  _  _  _  _  _  _  _  _  _
    C _  _  _  _  _  _  _  _  _  _
    D S  _  _  _  _  _  _  _  _  _
    E _  _  _  _  _  _  _  _  _  _
->pass
  state:13.0, ok
  The Starfighter stays at: [D,1]
      1  2  3  4  5  6  7  8  9 10
    A _  _  _  _  _  _  _  _  _  _
    B _  _  _  _  _  _  _  _  _  _
    C _  _  _  _  _  _  _  _  _  _
    D S  _  _  _  _  _  _  _  _  _
    E _  _  _  _  _  _  _  _  _  _
->pass
  state:14.0, ok
  The Starfighter stays at: [D,1]
      1  2  3  4  5  6  7  8  9 10
    A _  _  _  _  _  _  _  _  _  _
    B _  _  _  _  _  _  _  _  _  _
    C _  _  _  _  _  _  _  _  _  _
    D S  _  _  _  _  _  _  _  _  _
    E _  _  _  _  _  _  _  _  _  _
->undo
  state:13.0, ok
  The Starfighter stays at: [D,1]
      1  2  3  4  5  6  7  8  9 10
    A _  _  _  _  _  _  _  _  _  _
    B _  _  _  _  _  _  _  _  _  _
    C _  _  _  _  _  _  _  _  _  _
    D S  _  _  _  _  _  _  _  _  _
    E _  _  _  _  _  _  _  _  _  _
->undo
  state:12.0, ok
  The Starfighter stays at: [D,1]
      1  2  3  4  5  6  7  8  9 10
    A _  _  _  _  _  _  _  _  _  _
    B _  _  _  _  _  _  _  _  _  _
    C _  _  _  _  _  _  _  _  _  _
    D S  _  _  _  _  _  _  _  _  _
    E _  _  _  _  _  _  _  _  _  _
->undo
  state:11.0, ok
  A projectile moves: [D,10] -> out of the board
  The Starfighter stays at: [D,1]
      1  2  3  4  5  6  7  8  9 10
    A _  _  _  _  _  _  _  _  _  _
    B _  _  _  _  _  _  _  _  _  _
    C _  _  _  _  _  _  _  _  _  _
    D S  _  _  _  _  _  _  _  _  _
    E _  _  _  _  _  _  _  _  _  _
->undo
  state:10.0, ok
  A projectile moves: [D,8] -> [D,10]
  The Starfighter stays at: [D,1]
      1  2  3  4  5  6  7  8  9 10
    A _  _  _  _  _  _  _  _  _  _
    B _  _  _  _  _  _  _  _  _  _
    C _  _  _  _  _  _  _  _  _  _
    D S  _  _  _  _  _  _  _  _  *
    E _  _  _  _  _  _  _  _  _  _
->undo
  state:9.0, ok
  A projectile moves: [A,10] -> out of the board
  A projectile moves: [D,6] -> [D,8]
  The Starfighter stays at: [D,1]
      1  2  3  4  5  6  7  8  9 10
    A _  _  _  _  _  _  _  _  _  _
    B _  _  _  _  _  _  _  _  _  _
    C _  _  _  _  _  _  _  _  _  _
    D S  _  _  _  _  _  _  *  _  _
    E _  _  _  _  _  _  _  _  _  _
->undo
  state:8.0, ok
  A projectile moves: [A,8] -> [A,10]
  A projectile moves: [D,4] -> [D,6]
  The Starfighter stays at: [D,1]
      1  2  3  4  5  6  7  8  9 10
    A _  _  _  _  _  _  _  _  _  *
    B _  _  _  _  _  _  _  _  _  _
    C _  _  _  _  _  _  _  _  _  _
    D S  _  _  _  _  *  _  _  _  _
    E _  _  _  _  _  _  _  _  _  _
->undo
  state:7.0, ok
  A projectile moves: [C,10] -> out of the board
  A projectile moves: [A,6] -> [A,8]
  A projectile moves: [D,2] -> [D,4]
  The Starfighter stays at: [D,1]
      1  2  3  4  5  6  7  8  9 10
    A _  _  _  _  _  _  _  *  _  _
    B _  _  _  _  _  _  _  _  _  _
    C _  _  _  _  _  _  _  _  _  _
    D S  _  _  *  _  _  _  _  _  _
    E _  _  _  _  _  _  _  _  _  _
->undo
  state:6.0, ok
  A projectile moves: [C,8] -> [C,10]
  A projectile moves: [A,4] -> [A,6]
  The Starfighter fires a projectile at: [D,1]
      1  2  3  4  5  6  7  8  9 10
    A _  _  _  _  _  *  _  _  _  _
    B _  _  _  _  _  _  _  _  _  _
    C _  _  _  _  _  _  _  _  _  *
    D S  *  _  _  _  _  _  _  _  _
    E _  _  _  _  _  _  _  _  _  _
->fire
  state:7.0, ok
  A projectile moves: [C,10] -> out of the board
  A projectile moves: [A,6] -> [A,8]
  A projectile moves: [D,2] -> [D,4]
  The Starfighter fires a projectile at: [D,1]
      1  2  3  4  5  6  7  8  9 10
    A _  _  _  _  _  _  _  *  _  _
    B _  _  _  _  _  _  _  _  _  _
    C _  _  _  _  _  _  _  _  _  _
    D S  *  _  *  _  _  _  _  _  _
    E _  _  _  _  _  _  _  _  _  _
->fire
  state:8.0, ok
  A projectile moves: [A,8] -> [A,10]
  A projectile moves: [D,4] -> [D,6]
  A projectile moves: [D,2] -> [D,4]
  The Starfighter fires a projectile at: [D,1]
      1  2  3  4  5  6  7  8  9 10
    A _  _  _  _  _  _  _  _  _  *
    B _  _  _  _  _  _  _  _  _  _
    C _  _  _  _  _  _  _  _  _  _
    D S  *  _  *  _  *  _  _  _  _
    E _  _  _  _  _  _  _  _  _  _
->fire
  state:9.0, ok
  A projectile moves: [A,10] -> out of the board
  A projectile moves: [D,6] -> [D,8]
  A projectile moves: [D,4] -> [D,6]
  A projectile moves: [D,2] -> [D,4]
  The Starfighter fires a projectile at: [D,1]
      1  2  3  4  5  6  7  8  9 10
    A _  _  _  _  _  _  _  _  _  _
    B _  _  _  _  _  _  _  _  _  _
    C _  _  _  _  _  _  _  _  _  _
    D S  *  _  *  _  *  _  *  _  _
    E _  _  _  _  _  _  _  _  _  _
->fire
  state:10.0, ok
  A projectile moves: [D,8] -> [D,10]
  A projectile moves: [D,6] -> [D,8]
  A projectile moves: [D,4] -> [D,6]
  A projectile moves: [D,2] -> [D,4]
  The Starfighter fires a projectile at: [D,1]
      1  2  3  4  5  6  7  8  9 10
    A _  _  _  _  _  _  _  _  _  _
    B _  _  _  _  _  _  _  _  _  _
    C _  _  _  _  _  _  _  _  _  _
    D S  *  _  *  _  *  _  *  _  *
    E _  _  _  _  _  _  _  _  _  _
->fire
  state:11.0, ok
  A projectile moves: [D,10] -> out of the board
  A projectile moves: [D,8] -> [D,10]
  A projectile moves: [D,6] -> [D,8]
  A projectile moves: [D,4] -> [D,6]
  A projectile moves: [D,2] -> [D,4]
  The Starfighter fires a projectile at: [D,1]
      1  2  3  4  5  6  7  8  9 10
    A _  _  _  _  _  _  _  _  _  _
    B _  _  _  _  _  _  _  _  _  _
    C _  _  _  _  _  _  _  _  _  _
    D S  *  _  *  _  *  _  *  _  *
    E _  _  _  _  _  _  _  _  _  _
->fire
  state:12.0, ok
  A projectile moves: [D,10] -> out of the board
  A projectile moves: [D,8] -> [D,10]
  A projectile moves: [D,6] -> [D,8]
  A projectile moves: [D,4] -> [D,6]
  A projectile moves: [D,2] -> [D,4]
  The Starfighter fires a projectile at: [D,1]
      1  2  3  4  5  6  7  8  9 10
    A _  _  _  _  _  _  _  _  _  _
    B _  _  _  _  _  _  _  _  _  _
    C _  _  _  _  _  _  _  _  _  _
    D S  *  _  *  _  *  _  *  _  *
    E _  _  _  _  _  _  _  _  _  _
->undo
  state:11.0, ok
  A projectile moves: [D,10] -> out of the board
  A projectile moves: [D,8] -> [D,10]
  A projectile moves: [D,6] -> [D,8]
  A projectile moves: [D,4] -> [D,6]
  A projectile moves: [D,2] -> [D,4]
  The Starfighter fires a projectile at: [D,1]
      1  2  3  4  5  6  7  8  9 10
    A _  _  _  _  _  _  _  _  _  _
    B _  _  _  _  _  _  _  _  _  _
    C _  _  _  _  _  _  _  _  _  _
    D S  *  _  *  _  *  _  *  _  *
    E _  _  _  _  _  _  _  _  _  _
->undo
  state:10.0, ok
  A projectile moves: [D,8] -> [D,10]
  A projectile moves: [D,6] -> [D,8]
  A projectile moves: [D,4] -> [D,6]
  A projectile moves: [D,2] -> [D,4]
  The Starfighter fires a projectile at: [D,1]
      1  2  3  4  5  6  7  8  9 10
    A _  _  _  _  _  _  _  _  _  _
    B _  _  _  _  _  _  _  _  _  _
    C _  _  _  _  _  _  _  _  _  _
    D S  *  _  *  _  *  _  *  _  *
    E _  _  _  _  _  _  _  _  _  _
->undo
  state:9.0, ok
  A projectile moves: [A,10] -> out of the board
  A projectile moves: [D,6] -> [D,8]
  A projectile moves: [D,4] -> [D,6]
  A projectile moves: [D,2] -> [D,4]
  The Starfighter fires a projectile at: [D,1]
      1  2  3  4  5  6  7  8  9 10
    A _  _  _  _  _  _  _  _  _  _
    B _  _  _  _  _  _  _  _  _  _
    C _  _  _  _  _  _  _  _  _  _
    D S  *  _  *  _  *  _  *  _  _
    E _  _  _  _  _  _  _  _  _  _
->undo
  state:8.0, ok
  A projectile moves: [A,8] -> [A,10]
  A projectile moves: [D,4] -> [D,6]
  A projectile moves: [D,2] -> [D,4]
  The Starfighter fires a projectile at: [D,1]
      1  2  3  4  5  6  7  8  9 10
    A _  _  _  _  _  _  _  _  _  *
    B _  _  _  _  _  _  _  _  _  _
    C _  _  _  _  _  _  _  _  _  _
    D S  *  _  *  _  *  _  _  _  _
    E _  _  _  _  _  _  _  _  _  _
->undo
  state:7.0, ok
  A projectile moves: [C,10] -> out of the board
  A projectile moves: [A,6] -> [A,8]
  A projectile moves: [D,2] -> [D,4]
  The Starfighter fires a projectile at: [D,1]
      1  2  3  4  5  6  7  8  9 10
    A _  _  _  _  _  _  _  *  _  _
    B _  _  _  _  _  _  _  _  _  _
    C _  _  _  _  _  _  _  _  _  _
    D S  *  _  *  _  _  _  _  _  _
    E _  _  _  _  _  _  _  _  _  _
->undo
  state:6.0, ok
  A projectile moves: [C,8] -> [C,10]
  A projectile moves: [A,4] -> [A,6]
  The Starfighter fires a projectile at: [D,1]
      1  2  3  4  5  6  7  8  9 10
    A _  _  _  _  _  *  _  _  _  _
    B _  _  _  _  _  _  _  _  _  _
    C _  _  _  _  _  _  _  _  _  *
    D S  *  _  _  _  _  _  _  _  _
    E _  _  _  _  _  _  _  _  _  _
->fire
  state:7.0, ok
  A projectile moves: [C,10] -> out of the board
  A projectile moves: [A,6] -> [A,8]
  A projectile moves: [D,2] -> [D,4]
  The Starfighter fires a projectile at: [D,1]
      1  2  3  4  5  6  7  8  9 10
    A _  _  _  _  _  _  _  *  _  _
    B _  _  _  _  _  _  _  _  _  _
    C _  _  _  _  _  _  _  _  _  _
    D S  *  _  *  _  _  _  _  _  _
    E _  _  _  _  _  _  _  _  _  _
->redo
  state:7.1, error
  Nothing left to redo.
->undo
  state:6.0, ok
  A projectile moves: [C,8] -> [C,10]
  A projectile moves: [A,4] -> [A,6]
  The Starfighter fires a projectile at: [D,1]
      1  2  3  4  5  6  7  8  9 10
    A _  _  _  _  _  *  _  _  _  _
    B _  _  _  _  _  _  _  _  _  _
    C _  _  _  _  _  _  _  _  _  *
    D S  *  _  _  _  _  _  _  _  _
    E _  _  _  _  _  _  _  _  _  _
->undo
  state:5.0, ok
  A projectile moves: [C,6] -> [C,8]
  A projectile moves: [A,2] -> [A,4]
  The Starfighter moves: [A,1] -> [D,1]
      1  2  3  4  5  6  7  8  9 10
    A _  _  _  *  _  _  _  _  _  _
    B _  _  _  _  _  _  _  _  _  _
    C _  _  _  _  _  _  _  *  _  _
    D S  _  _  _  _  _  _  _  _  _
    E _  _  _  _  _  _  _  _  _  _
->abort
  state:6.0, ok
  Game has been exited.
