  Welcome to Space Defender Version 1.
->play(5,10,5,1)
  state:1.0, ok
      1  2  3  4  5  6  7  8  9 10
    A _  _  _  _  _  _  _  _  _  _
    B _  _  _  _  _  _  _  _  _  _
    C S  _  _  _  _  _  _  _  _  _
    D _  _  _  _  _  _  _  _  _  _
    E _  _  _  _  _  _  _  _  _  _
->pass
  state:2.0, ok
  The Starfighter stays at: [C,1]
      1  2  3  4  5  6  7  8  9 10
    A _  _  _  _  _  _  _  _  _  _
    B _  _  _  _  _  _  _  _  _  _
    C S  _  _  _  _  _  _  _  _  _
    D _  _  _  _  _  _  _  _  _  _
    E _  _  _  _  _  _  _  _  _  _
->pass
  state:3.0, ok
  The Starfighter stays at: [C,1]
      1  2  3  4  5  6  7  8  9 10
    A _  _  _  _  _  _  _  _  _  _
    B _  _  _  _  _  _  _  _  _  _
    C S  _  _  _  _  _  _  _  _  _
    D _  _  _  _  _  _  _  _  _  _
    E _  _  _  _  _  _  _  _  _  _
->pass
  state:4.0, ok
  The Starfighter stays at: [C,1]
      1  2  3  4  5  6  7  8  9 10
    A _  _  _  _  _  _  _  _  _  _
    B _  _  _  _  _  _  _  _  _  _
    C S  _  _  _  _  _  _  _  _  _
    D _  _  _  _  _  _  _  _  _  _
    E _  _  _  _  _  _  _  _  _  _
->pass
  state:5.0, ok
  The Starfighter stays at: [C,1]
      1  2  3  4  5  6  7  8  9 10
    A _  _  _  _  _  _  _  _  _  _
    B _  _  _  _  _  _  _  _  _  _
    C S  _  _  _  _  _  _  _  _  _
    D _  _  _  _  _  _  _  _  _  _
    E _  _  _  _  _  _  _  _  _  _
->pass
  state:6.0, ok
  The Starfighter stays at: [C,1]
      1  2  3  4  5  6  7  8  9 10
    A _  _  _  _  _  _  _  _  _  _
    B _  _  _  _  _  _  _  _  _  _
    C S  _  _  _  _  _  _  _  _  _
    D _  _  _  _  _  _  _  _  _  _
    E _  _  _  _  _  _  _  _  _  _
->pass
  state:7.0, ok
  The Starfighter stays at: [C,1]
      1  2  3  4  5  6  7  8  9 10
    A _  _  _  _  _  _  _  _  _  _
    B _  _  _  _  _  _  _  _  _  _
    C S  _  _  _  _  _  _  _  _  _
    D _  _  _  _  _  _  _  _  _  _
    E _  _  _  _  _  _  _  _  _  _
->fire
  state:8.0, ok
  The Starfighter fires a projectile at: [C,1]
      1  2  3  4  5  6  7  8  9 10
    A _  _  _  _  _  _  _  _  _  _
    B _  _  _  _  _  _  _  _  _  _
    C S  *  _  _  _  _  _  _  _  _
    D _  _  _  _  _  _  _  _  _  _
    E _  _  _  _  _  _  _  _  _  _
->fire
  state:9.0, ok
  A projectile moves: [C,2] -> [C,3]
  The Starfighter fires a projectile at: [C,1]
      1  2  3  4  5  6  7  8  9 10
    A _  _  _  _  _  _  _  _  _  _
    B _  _  _  _  _  _  _  _  _  _
    C S  *  *  _  _  _  _  _  _  _
    D _  _  _  _  _  _  _  _  _  _
    E _  _  _  _  _  _  _  _  _  _
->fire
  state:10.0, ok
  A projectile moves: [C,3] -> [C,4]
  A projectile moves: [C,2] -> [C,3]
  The Starfighter fires a projectile at: [C,1]
      1  2  3  4  5  6  7  8  9 10
    A _  _  _  _  _  _  _  _  _  _
    B _  _  _  _  _  _  _  _  _  _
    C S  *  *  *  _  _  _  _  _  _
    D _  _  _  _  _  _  _  _  _  _
    E _  _  _  _  _  _  _  _  _  _
->fire
  state:11.0, ok
  A projectile moves: [C,4] -> [C,5]
  A projectile moves: [C,3] -> [C,4]
  A projectile moves: [C,2] -> [C,3]
  The Starfighter fires a projectile at: [C,1]
      1  2  3  4  5  6  7  8  9 10
    A _  _  _  _  _  _  _  _  _  _
    B _  _  _  _  _  _  _  _  _  _
    C S  *  *  *  *  _  _  _  _  _
    D _  _  _  _  _  _  _  _  _  _
    E _  _  _  _  _  _  _  _  _  _
->pass
  state:12.0, ok
  A projectile moves: [C,5] -> [C,6]
  A projectile moves: [C,4] -> [C,5]
  A projectile moves: [C,3] -> [C,4]
  A projectile moves: [C,2] -> [C,3]
  The Starfighter stays at: [C,1]
      1  2  3  4  5  6  7  8  9 10
    A _  _  _  _  _  _  _  _  _  _
    B _  _  _  _  _  _  _  _  _  _
    C S  _  *  *  *  *  _  _  _  _
    D _  _  _  _  _  _  _  _  _  _
    E _  _  _  _  _  _  _  _  _  _
->pass
  state:13.0, ok
  A projectile moves: [C,6] -> [C,7]
  A projectile moves: [C,5] -> [C,6]
  A projectile moves: [C,4] -> [C,5]
  A projectile moves: [C,3] -> [C,4]
  The Starfighter stays at: [C,1]
      1  2  3  4  5  6  7  8  9 10
    A _  _  _  _  _  _  _  _  _  _
    B _  _  _  _  _  _  _  _  _  _
    C S  _  _  *  *  *  *  _  _  _
    D _  _  _  _  _  _  _  _  _  _
    E _  _  _  _  _  _  _  _  _  _
->pass
  state:14.0, ok
  A projectile moves: [C,7] -> [C,8]
  A projectile moves: [C,6] -> [C,7]
  A projectile moves: [C,5] -> [C,6]
  A projectile moves: [C,4] -> [C,5]
  The Starfighter stays at: [C,1]
      1  2  3  4  5  6  7  8  9 10
    A _  _  _  _  _  _  _  _  _  _
    B _  _  _  _  _  _  _  _  _  _
    C S  _  _  _  *  *  *  *  _  _
    D _  _  _  _  _  _  _  _  _  _
    E _  _  _  _  _  _  _  _  _  _
->pass
  state:15.0, ok
  A projectile moves: [C,8] -> [C,9]
  A projectile moves: [C,7] -> [C,8]
  A projectile moves: [C,6] -> [C,7]
  A projectile moves: [C,5] -> [C,6]
  The Starfighter stays at: [C,1]
      1  2  3  4  5  6  7  8  9 10
    A _  _  _  _  _  _  _  _  _  _
    B _  _  _  _  _  _  _  _  _  _
    C S  _  _  _  _  *  *  *  *  _
    D _  _  _  _  _  _  _  _  _  _
    E _  _  _  _  _  _  _  _  _  _
->pass
  state:16.0, ok
  A projectile moves: [C,9] -> [C,10]
  A projectile moves: [C,8] -> [C,9]
  A projectile moves: [C,7] -> [C,8]
  A projectile moves: [C,6] -> [C,7]
  The Starfighter stays at: [C,1]
      1  2  3  4  5  6  7  8  9 10
    A _  _  _  _  _  _  _  _  _  _
    B _  _  _  _  _  _  _  _  _  _
    C S  _  _  _  _  _  *  *  *  *
    D _  _  _  _  _  _  _  _  _  _
    E _  _  _  _  _  _  _  _  _  _
->pass
  state:17.0, ok
  A projectile moves: [C,10] -> out of the board
  A projectile moves: [C,9] -> [C,10]
  A projectile moves: [C,8] -> [C,9]
  A projectile moves: [C,7] -> [C,8]
  The Starfighter stays at: [C,1]
      1  2  3  4  5  6  7  8  9 10
    A _  _  _  _  _  _  _  _  _  _
    B _  _  _  _  _  _  _  _  _  _
    C S  _  _  _  _  _  _  *  *  *
    D _  _  _  _  _  _  _  _  _  _
    E _  _  _  _  _  _  _  _  _  _
->fire
  state:18.0, ok
  A projectile moves: [C,10] -> out of the board
  A projectile moves: [C,9] -> [C,10]
  A projectile moves: [C,8] -> [C,9]
  The Starfighter fires a projectile at: [C,1]
      1  2  3  4  5  6  7  8  9 10
    A _  _  _  _  _  _  _  _  _  _
    B _  _  _  _  _  _  _  _  _  _
    C S  *  _  _  _  _  _  _  *  *
    D _  _  _  _  _  _  _  _  _  _
    E _  _  _  _  _  _  _  _  _  _
->fire
  state:19.0, ok
  A projectile moves: [C,10] -> out of the board
  A projectile moves: [C,9] -> [C,10]
  A projectile moves: [C,2] -> [C,3]
  The Starfighter fires a projectile at: [C,1]
      1  2  3  4  5  6  7  8  9 10
    A _  _  _  _  _  _  _  _  _  _
    B _  _  _  _  _  _  _  _  _  _
    C S  *  *  _  _  _  _  _  _  *
    D _  _  _  _  _  _  _  _  _  _
    E _  _  _  _  _  _  _  _  _  _
->fire
  state:20.0, ok
  A projectile moves: [C,10] -> out of the board
  A projectile moves: [C,3] -> [C,4]
  A projectile moves: [C,2] -> [C,3]
  The Starfighter fires a projectile at: [C,1]
      1  2  3  4  5  6  7  8  9 10
    A _  _  _  _  _  _  _  _  _  _
    B _  _  _  _  _  _  _  _  _  _
    C S  *  *  *  _  _  _  _  _  _
    D _  _  _  _  _  _  _  _  _  _
    E _  _  _  _  _  _  _  _  _  _
->fire
  state:21.0, ok
  A projectile moves: [C,4] -> [C,5]
  A projectile moves: [C,3] -> [C,4]
  A projectile moves: [C,2] -> [C,3]
  The Starfighter fires a projectile at: [C,1]
      1  2  3  4  5  6  7  8  9 10
    A _  _  _  _  _  _  _  _  _  _
    B _  _  _  _  _  _  _  _  _  _
    C S  *  *  *  *  _  _  _  _  _
    D _  _  _  _  _  _  _  _  _  _
    E _  _  _  _  _  _  _  _  _  _
->pass
  state:22.0, ok
  A projectile moves: [C,5] -> [C,6]
  A projectile moves: [C,4] -> [C,5]
  A projectile moves: [C,3] -> [C,4]
  A projectile moves: [C,2] -> [C,3]
  The Starfighter stays at: [C,1]
      1  2  3  4  5  6  7  8  9 10
    A _  _  _  _  _  _  _  _  _  _
    B _  _  _  _  _  _  _  _  _  _
    C S  _  *  *  *  *  _  _  _  _
    D _  _  _  _  _  _  _  _  _  _
    E _  _  _  _  _  _  _  _  _  _
->pass
  state:23.0, ok
  A projectile moves: [C,6] -> [C,7]
  A projectile moves: [C,5] -> [C,6]
  A projectile moves: [C,4] -> [C,5]
  A projectile moves: [C,3] -> [C,4]
  The Starfighter stays at: [C,1]
      1  2  3  4  5  6  7  8  9 10
    A _  _  _  _  _  _  _  _  _  _
    B _  _  _  _  _  _  _  _  _  _
    C S  _  _  *  *  *  *  _  _  _
    D _  _  _  _  _  _  _  _  _  _
    E _  _  _  _  _  _  _  _  _  _
->pass
  state:24.0, ok
  A projectile moves: [C,7] -> [C,8]
  A projectile moves: [C,6] -> [C,7]
  A projectile moves: [C,5] -> [C,6]
  A projectile moves: [C,4] -> [C,5]
  The Starfighter stays at: [C,1]
      1  2  3  4  5  6  7  8  9 10
    A _  _  _  _  _  _  _  _  _  _
    B _  _  _  _  _  _  _  _  _  _
    C S  _  _  _  *  *  *  *  _  _
    D _  _  _  _  _  _  _  _  _  _
    E _  _  _  _  _  _  _  _  _  _
->pass
  state:25.0, ok
  A projectile moves: [C,8] -> [C,9]
  A projectile moves: [C,7] -> [C,8]
  A projectile moves: [C,6] -> [C,7]
  A projectile moves: [C,5] -> [C,6]
  The Starfighter stays at: [C,1]
      1  2  3  4  5  6  7  8  9 10
    A _  _  _  _  _  _  _  _  _  _
    B _  _  _  _  _  _  _  _  _  _
    C S  _  _  _  _  *  *  *  *  _
    D _  _  _  _  _  _  _  _  _  _
    E _  _  _  _  _  _  _  _  _  _
->pass
  state:26.0, ok
  A projectile moves: [C,9] -> [C,10]
  A projectile moves: [C,8] -> [C,9]
  A projectile moves: [C,7] -> [C,8]
  A projectile moves: [C,6] -> [C,7]
  The Starfighter stays at: [C,1]
      1  2  3  4  5  6  7  8  9 10
    A _  _  _  _  _  _  _  _  _  _
    B _  _  _  _  _  _  _  _  _  _
    C S  _  _  _  _  _  *  *  *  *
    D _  _  _  _  _  _  _  _  _  _
    E _  _  _  _  _  _  _  _  _  _
->pass
  state:27.0, ok
  A projectile moves: [C,10] -> out of the board
  A projectile moves: [C,9] -> [C,10]
  A projectile moves: [C,8] -> [C,9]
  A projectile moves: [C,7] -> [C,8]
  The Starfighter stays at: [C,1]
      1  2  3  4  5  6  7  8  9 10
    A _  _  _  _  _  _  _  _  _  _
    B _  _  _  _  _  _  _  _  _  _
    C S  _  _  _  _  _  _  *  *  *
    D _  _  _  _  _  _  _  _  _  _
    E _  _  _  _  _  _  _  _  _  _
->fire
  state:28.0, ok
  A projectile moves: [C,10] -> out of the board
  A projectile moves: [C,9] -> [C,10]
  A projectile moves: [C,8] -> [C,9]
  The Starfighter fires a projectile at: [C,1]
      1  2  3  4  5  6  7  8  9 10
    A _  _  _  _  _  _  _  _  _  _
    B _  _  _  _  _  _  _  _  _  _
    C S  *  _  _  _  _  _  _  *  *
    D _  _  _  _  _  _  _  _  _  _
    E _  _  _  _  _  _  _  _  _  _
->fire
  state:29.0, ok
  A projectile moves: [C,10] -> out of the board
  A projectile moves: [C,9] -> [C,10]
  A projectile moves: [C,2] -> [C,3]
  The Starfighter fires a projectile at: [C,1]
      1  2  3  4  5  6  7  8  9 10
    A _  _  _  _  _  _  _  _  _  _
    B _  _  _  _  _  _  _  _  _  _
    C S  *  *  _  _  _  _  _  _  *
    D _  _  _  _  _  _  _  _  _  _
    E _  _  _  _  _  _  _  _  _  _
->fire
  state:30.0, ok
  A projectile moves: [C,10] -> out of the board
  A projectile moves: [C,3] -> [C,4]
  A projectile moves: [C,2] -> [C,3]
  The Starfighter fires a projectile at: [C,1]
      1  2  3  4  5  6  7  8  9 10
    A _  _  _  _  _  _  _  _  _  _
    B _  _  _  _  _  _  _  _  _  _
    C S  *  *  *  _  _  _  _  _  _
    D _  _  _  _  _  _  _  _  _  _
    E _  _  _  _  _  _  _  _  _  _
->fire
  state:31.0, ok
  A projectile moves: [C,4] -> [C,5]
  A projectile moves: [C,3] -> [C,4]
  A projectile moves: [C,2] -> [C,3]
  The Starfighter fires a projectile at: [C,1]
      1  2  3  4  5  6  7  8  9 10
    A _  _  _  _  _  _  _  _  _  _
    B _  _  _  _  _  _  _  _  _  _
    C S  *  *  *  *  _  _  _  _  _
    D _  _  _  _  _  _  _  _  _  _
    E _  _  _  _  _  _  _  _  _  _
->undo
  state:30.0, ok
  A projectile moves: [C,10] -> out of the board
  A projectile moves: [C,3] -> [C,4]
  A projectile moves: [C,2] -> [C,3]
  The Starfighter fires a projectile at: [C,1]
      1  2  3  4  5  6  7  8  9 10
    A _  _  _  _  _  _  _  _  _  _
    B _  _  _  _  _  _  _  _  _  _
    C S  *  *  *  _  _  _  _  _  _
    D _  _  _  _  _  _  _  _  _  _
    E _  _  _  _  _  _  _  _  _  _
->undo
  state:29.0, ok
  A projectile moves: [C,10] -> out of the board
  A projectile moves: [C,9] -> [C,10]
  A projectile moves: [C,2] -> [C,3]
  The Starfighter fires a projectile at: [C,1]
      1  2  3  4  5  6  7  8  9 10
    A _  _  _  _  _  _  _  _  _  _
    B _  _  _  _  _  _  _  _  _  _
    C S  *  *  _  _  _  _  _  _  *
    D _  _  _  _  _  _  _  _  _  _
    E _  _  _  _  _  _  _  _  _  _
->undo
  state:28.0, ok
  A projectile moves: [C,10] -> out of the board
  A projectile moves: [C,9] -> [C,10]
  A projectile moves: [C,8] -> [C,9]
  The Starfighter fires a projectile at: [C,1]
      1  2  3  4  5  6  7  8  9 10
    A _  _  _  _  _  _  _  _  _  _
    B _  _  _  _  _  _  _  _  _  _
    C S  *  _  _  _  _  _  _  *  *
    D _  _  _  _  _  _  _  _  _  _
    E _  _  _  _  _  _  _  _  _  _
->undo
  state:27.0, ok
  A projectile moves: [C,10] -> out of the board
  A projectile moves: [C,9] -> [C,10]
  A projectile moves: [C,8] -> [C,9]
  A projectile moves: [C,7] -> [C,8]
  The Starfighter stays at: [C,1]
      1  2  3  4  5  6  7  8  9 10
    A _  _  _  _  _  _  _  _  _  _
    B _  _  _  _  _  _  _  _  _  _
    C S  _  _  _  _  _  _  *  *  *
    D _  _  _  _  _  _  _  _  _  _
    E _  _  _  _  _  _  _  _  _  _
->undo
  state:26.0, ok
  A projectile moves: [C,9] -> [C,10]
  A projectile moves: [C,8] -> [C,9]
  A projectile moves: [C,7] -> [C,8]
  A projectile moves: [C,6] -> [C,7]
  The Starfighter stays at: [C,1]
      1  2  3  4  5  6  7  8  9 10
    A _  _  _  _  _  _  _  _  _  _
    B _  _  _  _  _  _  _  _  _  _
    C S  _  _  _  _  _  *  *  *  *
    D _  _  _  _  _  _  _  _  _  _
    E _  _  _  _  _  _  _  _  _  _
->undo
  state:25.0, ok
  A projectile moves: [C,8] -> [C,9]
  A projectile moves: [C,7] -> [C,8]
  A projectile moves: [C,6] -> [C,7]
  A projectile moves: [C,5] -> [C,6]
  The Starfighter stays at: [C,1]
      1  2  3  4  5  6  7  8  9 10
    A _  _  _  _  _  _  _  _  _  _
    B _  _  _  _  _  _  _  _  _  _
    C S  _  _  _  _  *  *  *  *  _
    D _  _  _  _  _  _  _  _  _  _
    E _  _  _  _  _  _  _  _  _  _
->undo
  state:24.0, ok
  A projectile moves: [C,7] -> [C,8]
  A projectile moves: [C,6] -> [C,7]
  A projectile moves: [C,5] -> [C,6]
  A projectile moves: [C,4] -> [C,5]
  The Starfighter stays at: [C,1]
      1  2  3  4  5  6  7  8  9 10
    A _  _  _  _  _  _  _  _  _  _
    B _  _  _  _  _  _  _  _  _  _
    C S  _  _  _  *  *  *  *  _  _
    D _  _  _  _  _  _  _  _  _  _
    E _  _  _  _  _  _  _  _  _  _
->undo
  state:23.0, ok
  A projectile moves: [C,6] -> [C,7]
  A projectile moves: [C,5] -> [C,6]
  A projectile moves: [C,4] -> [C,5]
  A projectile moves: [C,3] -> [C,4]
  The Starfighter stays at: [C,1]
      1  2  3  4  5  6  7  8  9 10
    A _  _  _  _  _  _  _  _  _  _
    B _  _  _  _  _  _  _  _  _  _
    C S  _  _  *  *  *  *  _  _  _
    D _  _  _  _  _  _  _  _  _  _
    E _  _  _  _  _  _  _  _  _  _
->undo
  state:22.0, ok
  A projectile moves: [C,5] -> [C,6]
  A projectile moves: [C,4] -> [C,5]
  A projectile moves: [C,3] -> [C,4]
  A projectile moves: [C,2] -> [C,3]
  The Starfighter stays at: [C,1]
      1  2  3  4  5  6  7  8  9 10
    A _  _  _  _  _  _  _  _  _  _
    B _  _  _  _  _  _  _  _  _  _
    C S  _  *  *  *  *  _  _  _  _
    D _  _  _  _  _  _  _  _  _  _
    E _  _  _  _  _  _  _  _  _  _
->undo
  state:21.0, ok
  A projectile moves: [C,4] -> [C,5]
  A projectile moves: [C,3] -> [C,4]
  A projectile moves: [C,2] -> [C,3]
  The Starfighter fires a projectile at: [C,1]
      1  2  3  4  5  6  7  8  9 10
    A _  _  _  _  _  _  _  _  _  _
    B _  _  _  _  _  _  _  _  _  _
    C S  *  *  *  *  _  _  _  _  _
    D _  _  _  _  _  _  _  _  _  _
    E _  _  _  _  _  _  _  _  _  _
->undo
  state:20.0, ok
  A projectile moves: [C,10] -> out of the board
  A projectile moves: [C,3] -> [C,4]
  A projectile moves: [C,2] -> [C,3]
  The Starfighter fires a projectile at: [C,1]
      1  2  3  4  5  6  7  8  9 10
    A _  _  _  _  _  _  _  _  _  _
    B _  _  _  _  _  _  _  _  _  _
    C S  *  *  *  _  _  _  _  _  _
    D _  _  _  _  _  _  _  _  _  _
    E _  _  _  _  _  _  _  _  _  _
->undo
  state:19.0, ok
  A projectile moves: [C,10] -> out of the board
  A projectile moves: [C,9] -> [C,10]
  A projectile moves: [C,2] -> [C,3]
  The Starfighter fires a projectile at: [C,1]
      1  2  3  4  5  6  7  8  9 10
    A _  _  _  _  _  _  _  _  _  _
    B _  _  _  _  _  _  _  _  _  _
    C S  *  *  _  _  _  _  _  _  *
    D _  _  _  _  _  _  _  _  _  _
    E _  _  _  _  _  _  _  _  _  _
->undo
  state:18.0, ok
  A projectile moves: [C,10] -> out of the board
  A projectile moves: [C,9] -> [C,10]
  A projectile moves: [C,8] -> [C,9]
  The Starfighter fires a projectile at: [C,1]
      1  2  3  4  5  6  7  8  9 10
    A _  _  _  _  _  _  _  _  _  _
    B _  _  _  _  _  _  _  _  _  _
    C S  *  _  _  _  _  _  _  *  *
    D _  _  _  _  _  _  _  _  _  _
    E _  _  _  _  _  _  _  _  _  _
->undo
  state:17.0, ok
  A projectile moves: [C,10] -> out of the board
  A projectile moves: [C,9] -> [C,10]
  A projectile moves: [C,8] -> [C,9]
  A projectile moves: [C,7] -> [C,8]
  The Starfighter stays at: [C,1]
      1  2  3  4  5  6  7  8  9 10
    A _  _  _  _  _  _  _  _  _  _
    B _  _  _  _  _  _  _  _  _  _
    C S  _  _  _  _  _  _  *  *  *
    D _  _  _  _  _  _  _  _  _  _
    E _  _  _  _  _  _  _  _  _  _
->undo
  state:16.0, ok
  A projectile moves: [C,9] -> [C,10]
  A projectile moves: [C,8] -> [C,9]
  A projectile moves: [C,7] -> [C,8]
  A projectile moves: [C,6] -> [C,7]
  The Starfighter stays at: [C,1]
      1  2  3  4  5  6  7  8  9 10
    A _  _  _  _  _  _  _  _  _  _
    B _  _  _  _  _  _  _  _  _  _
    C S  _  _  _  _  _  *  *  *  *
    D _  _  _  _  _  _  _  _  _  _
    E _  _  _  _  _  _  _  _  _  _
->undo
  state:15.0, ok
  A projectile moves: [C,8] -> [C,9]
  A projectile moves: [C,7] -> [C,8]
  A projectile moves: [C,6] -> [C,7]
  A projectile moves: [C,5] -> [C,6]
  The Starfighter stays at: [C,1]
      1  2  3  4  5  6  7  8  9 10
    A _  _  _  _  _  _  _  _  _  _
    B _  _  _  _  _  _  _  _  _  _
    C S  _  _  _  _  *  *  *  *  _
    D _  _  _  _  _  _  _  _  _  _
    E _  _  _  _  _  _  _  _  _  _
->undo
  state:14.0, ok
  A projectile moves: [C,7] -> [C,8]
  A projectile moves: [C,6] -> [C,7]
  A projectile moves: [C,5] -> [C,6]
  A projectile moves: [C,4] -> [C,5]
  The Starfighter stays at: [C,1]
      1  2  3  4  5  6  7  8  9 10
    A _  _  _  _  _  _  _  _  _  _
    B _  _  _  _  _  _  _  _  _  _
    C S  _  _  _  *  *  *  *  _  _
    D _  _  _  _  _  _  _  _  _  _
    E _  _  _  _  _  _  _  _  _  _
->undo
  state:13.0, ok
  A projectile moves: [C,6] -> [C,7]
  A projectile moves: [C,5] -> [C,6]
  A projectile moves: [C,4] -> [C,5]
  A projectile moves: [C,3] -> [C,4]
  The Starfighter stays at: [C,1]
      1  2  3  4  5  6  7  8  9 10
    A _  _  _  _  _  _  _  _  _  _
    B _  _  _  _  _  _  _  _  _  _
    C S  _  _  *  *  *  *  _  _  _
    D _  _  _  _  _  _  _  _  _  _
    E _  _  _  _  _  _  _  _  _  _
->undo
  state:12.0, ok
  A projectile moves: [C,5] -> [C,6]
  A projectile moves: [C,4] -> [C,5]
  A projectile moves: [C,3] -> [C,4]
  A projectile moves: [C,2] -> [C,3]
  The Starfighter stays at: [C,1]
      1  2  3  4  5  6  7  8  9 10
    A _  _  _  _  _  _  _  _  _  _
    B _  _  _  _  _  _  _  _  _  _
    C S  _  *  *  *  *  _  _  _  _
    D _  _  _  _  _  _  _  _  _  _
    E _  _  _  _  _  _  _  _  _  _
->undo
  state:11.0, ok
  A projectile moves: [C,4] -> [C,5]
  A projectile moves: [C,3] -> [C,4]
  A projectile moves: [C,2] -> [C,3]
  The Starfighter fires a projectile at: [C,1]
      1  2  3  4  5  6  7  8  9 10
    A _  _  _  _  _  _  _  _  _  _
    B _  _  _  _  _  _  _  _  _  _
    C S  *  *  *  *  _  _  _  _  _
    D _  _  _  _  _  _  _  _  _  _
    E _  _  _  _  _  _  _  _  _  _
->undo
  state:10.0, ok
  A projectile moves: [C,3] -> [C,4]
  A projectile moves: [C,2] -> [C,3]
  The Starfighter fires a projectile at: [C,1]
      1  2  3  4  5  6  7  8  9 10
    A _  _  _  _  _  _  _  _  _  _
    B _  _  _  _  _  _  _  _  _  _
    C S  *  *  *  _  _  _  _  _  _
    D _  _  _  _  _  _  _  _  _  _
    E _  _  _  _  _  _  _  _  _  _
->undo
  state:9.0, ok
  A projectile moves: [C,2] -> [C,3]
  The Starfighter fires a projectile at: [C,1]
      1  2  3  4  5  6  7  8  9 10
    A _  _  _  _  _  _  _  _  _  _
    B _  _  _  _  _  _  _  _  _  _
    C S  *  *  _  _  _  _  _  _  _
    D _  _  _  _  _  _  _  _  _  _
    E _  _  _  _  _  _  _  _  _  _
->undo
  state:8.0, ok
  The Starfighter fires a projectile at: [C,1]
      1  2  3  4  5  6  7  8  9 10
    A _  _  _  _  _  _  _  _  _  _
    B _  _  _  _  _  _  _  _  _  _
    C S  *  _  _  _  _  _  _  _  _
    D _  _  _  _  _  _  _  _  _  _
    E _  _  _  _  _  _  _  _  _  _
->undo
  state:7.0, ok
  The Starfighter stays at: [C,1]
      1  2  3  4  5  6  7  8  9 10
    A _  _  _  _  _  _  _  _  _  _
    B _  _  _  _  _  _  _  _  _  _
    C S  _  _  _  _  _  _  _  _  _
    D _  _  _  _  _  _  _  _  _  _
    E _  _  _  _  _  _  _  _  _  _
->undo
  state:6.0, ok
  The Starfighter stays at: [C,1]
      1  2  3  4  5  6  7  8  9 10
    A _  _  _  _  _  _  _  _  _  _
    B _  _  _  _  _  _  _  _  _  _
    C S  _  _  _  _  _  _  _  _  _
    D _  _  _  _  _  _  _  _  _  _
    E _  _  _  _  _  _  _  _  _  _
->undo
  state:5.0, ok
  The Starfighter stays at: [C,1]
      1  2  3  4  5  6  7  8  9 10
    A _  _  _  _  _  _  _  _  _  _
    B _  _  _  _  _  _  _  _  _  _
    C S  _  _  _  _  _  _  _  _  _
    D _  _  _  _  _  _  _  _  _  _
    E _  _  _  _  _  _  _  _  _  _
->undo
  state:4.0, ok
  The Starfighter stays at: [C,1]
      1  2  3  4  5  6  7  8  9 10
    A _  _  _  _  _  _  _  _  _  _
    B _  _  _  _  _  _  _  _  _  _
    C S  _  _  _  _  _  _  _  _  _
    D _  _  _  _  _  _  _  _  _  _
    E _  _  _  _  _  _  _  _  _  _
->undo
  state:3.0, ok
  The Starfighter stays at: [C,1]
      1  2  3  4  5  6  7  8  9 10
    A _  _  _  _  _  _  _  _  _  _
    B _  _  _  _  _  _  _  _  _  _
    C S  _  _  _  _  _  _  _  _  _
    D _  _  _  _  _  _  _  _  _  _
    E _  _  _  _  _  _  _  _  _  _
->undo
  state:2.0, ok
  The Starfighter stays at: [C,1]
      1  2  3  4  5  6  7  8  9 10
    A _  _  _  _  _  _  _  _  _  _
    B _  _  _  _  _  _  _  _  _  _
    C S  _  _  _  _  _  _  _  _  _
    D _  _  _  _  _  _  _  _  _  _
    E _  _  _  _  _  _  _  _  _  _
->undo
  state:1.0, ok
      1  2  3  4  5  6  7  8  9 10
    A _  _  _  _  _  _  _  _  _  _
    B _  _  _  _  _  _  _  _  _  _
    C S  _  _  _  _  _  _  _  _  _
    D _  _  _  _  _  _  _  _  _  _
    E _  _  _  _  _  _  _  _  _  _
->undo
  state:1.1, error
  Nothing left to undo.
->undo
  state:1.2, error
  Nothing left to undo.
->undo
  state:1.3, error
  Nothing left to undo.
->undo
  state:1.4, error
  Nothing left to undo.
->undo
  state:1.5, error
  Nothing left to undo.
->redo
  state:2.0, ok
  The Starfighter stays at: [C,1]
      1  2  3  4  5  6  7  8  9 10
    A _  _  _  _  _  _  _  _  _  _
    B _  _  _  _  _  _  _  _  _  _
    C S  _  _  _  _  _  _  _  _  _
    D _  _  _  _  _  _  _  _  _  _
    E _  _  _  _  _  _  _  _  _  _
->redo
  state:3.0, ok
  The Starfighter stays at: [C,1]
      1  2  3  4  5  6  7  8  9 10
    A _  _  _  _  _  _  _  _  _  _
    B _  _  _  _  _  _  _  _  _  _
    C S  _  _  _  _  _  _  _  _  _
    D _  _  _  _  _  _  _  _  _  _
    E _  _  _  _  _  _  _  _  _  _
->redo
  state:4.0, ok
  The Starfighter stays at: [C,1]
      1  2  3  4  5  6  7  8  9 10
    A _  _  _  _  _  _  _  _  _  _
    B _  _  _  _  _  _  _  _  _  _
    C S  _  _  _  _  _  _  _  _  _
    D _  _  _  _  _  _  _  _  _  _
    E _  _  _  _  _  _  _  _  _  _
->redo
  state:5.0, ok
  The Starfighter stays at: [C,1]
      1  2  3  4  5  6  7  8  9 10
    A _  _  _  _  _  _  _  _  _  _
    B _  _  _  _  _  _  _  _  _  _
    C S  _  _  _  _  _  _  _  _  _
    D _  _  _  _  _  _  _  _  _  _
    E _  _  _  _  _  _  _  _  _  _
->redo
  state:6.0, ok
  The Starfighter stays at: [C,1]
      1  2  3  4  5  6  7  8  9 10
    A _  _  _  _  _  _  _  _  _  _
    B _  _  _  _  _  _  _  _  _  _
    C S  _  _  _  _  _  _  _  _  _
    D _  _  _  _  _  _  _  _  _  _
    E _  _  _  _  _  _  _  _  _  _
->redo
  state:7.0, ok
  The Starfighter stays at: [C,1]
      1  2  3  4  5  6  7  8  9 10
    A _  _  _  _  _  _  _  _  _  _
    B _  _  _  _  _  _  _  _  _  _
    C S  _  _  _  _  _  _  _  _  _
    D _  _  _  _  _  _  _  _  _  _
    E _  _  _  _  _  _  _  _  _  _
->redo
  state:8.0, ok
  The Starfighter fires a projectile at: [C,1]
      1  2  3  4  5  6  7  8  9 10
    A _  _  _  _  _  _  _  _  _  _
    B _  _  _  _  _  _  _  _  _  _
    C S  *  _  _  _  _  _  _  _  _
    D _  _  _  _  _  _  _  _  _  _
    E _  _  _  _  _  _  _  _  _  _
->redo
  state:9.0, ok
  A projectile moves: [C,2] -> [C,3]
  The Starfighter fires a projectile at: [C,1]
      1  2  3  4  5  6  7  8  9 10
    A _  _  _  _  _  _  _  _  _  _
    B _  _  _  _  _  _  _  _  _  _
    C S  *  *  _  _  _  _  _  _  _
    D _  _  _  _  _  _  _  _  _  _
    E _  _  _  _  _  _  _  _  _  _
->redo
  state:10.0, ok
  A projectile moves: [C,3] -> [C,4]
  A projectile moves: [C,2] -> [C,3]
  The Starfighter fires a projectile at: [C,1]
      1  2  3  4  5  6  7  8  9 10
    A _  _  _  _  _  _  _  _  _  _
    B _  _  _  _  _  _  _  _  _  _
    C S  *  *  *  _  _  _  _  _  _
    D _  _  _  _  _  _  _  _  _  _
    E _  _  _  _  _  _  _  _  _  _
->redo
  state:11.0, ok
  A projectile moves: [C,4] -> [C,5]
  A projectile moves: [C,3] -> [C,4]
  A projectile moves: [C,2] -> [C,3]
  The Starfighter fires a projectile at: [C,1]
      1  2  3  4  5  6  7  8  9 10
    A _  _  _  _  _  _  _  _  _  _
    B _  _  _  _  _  _  _  _  _  _
    C S  *  *  *  *  _  _  _  _  _
    D _  _  _  _  _  _  _  _  _  _
    E _  _  _  _  _  _  _  _  _  _
->redo
  state:12.0, ok
  A projectile moves: [C,5] -> [C,6]
  A projectile moves: [C,4] -> [C,5]
  A projectile moves: [C,3] -> [C,4]
  A projectile moves: [C,2] -> [C,3]
  The Starfighter stays at: [C,1]
      1  2  3  4  5  6  7  8  9 10
    A _  _  _  _  _  _  _  _  _  _
    B _  _  _  _  _  _  _  _  _  _
    C S  _  *  *  *  *  _  _  _  _
    D _  _  _  _  _  _  _  _  _  _
    E _  _  _  _  _  _  _  _  _  _
->redo
  state:13.0, ok
  A projectile moves: [C,6] -> [C,7]
  A projectile moves: [C,5] -> [C,6]
  A projectile moves: [C,4] -> [C,5]
  A projectile moves: [C,3] -> [C,4]
  The Starfighter stays at: [C,1]
      1  2  3  4  5  6  7  8  9 10
    A _  _  _  _  _  _  _  _  _  _
    B _  _  _  _  _  _  _  _  _  _
    C S  _  _  *  *  *  *  _  _  _
    D _  _  _  _  _  _  _  _  _  _
    E _  _  _  _  _  _  _  _  _  _
->redo
  state:14.0, ok
  A projectile moves: [C,7] -> [C,8]
  A projectile moves: [C,6] -> [C,7]
  A projectile moves: [C,5] -> [C,6]
  A projectile moves: [C,4] -> [C,5]
  The Starfighter stays at: [C,1]
      1  2  3  4  5  6  7  8  9 10
    A _  _  _  _  _  _  _  _  _  _
    B _  _  _  _  _  _  _  _  _  _
    C S  _  _  _  *  *  *  *  _  _
    D _  _  _  _  _  _  _  _  _  _
    E _  _  _  _  _  _  _  _  _  _
->redo
  state:15.0, ok
  A projectile moves: [C,8] -> [C,9]
  A projectile moves: [C,7] -> [C,8]
  A projectile moves: [C,6] -> [C,7]
  A projectile moves: [C,5] -> [C,6]
  The Starfighter stays at: [C,1]
      1  2  3  4  5  6  7  8  9 10
    A _  _  _  _  _  _  _  _  _  _
    B _  _  _  _  _  _  _  _  _  _
    C S  _  _  _  _  *  *  *  *  _
    D _  _  _  _  _  _  _  _  _  _
    E _  _  _  _  _  _  _  _  _  _
->redo
  state:16.0, ok
  A projectile moves: [C,9] -> [C,10]
  A projectile moves: [C,8] -> [C,9]
  A projectile moves: [C,7] -> [C,8]
  A projectile moves: [C,6] -> [C,7]
  The Starfighter stays at: [C,1]
      1  2  3  4  5  6  7  8  9 10
    A _  _  _  _  _  _  _  _  _  _
    B _  _  _  _  _  _  _  _  _  _
    C S  _  _  _  _  _  *  *  *  *
    D _  _  _  _  _  _  _  _  _  _
    E _  _  _  _  _  _  _  _  _  _
->redo
  state:17.0, ok
  A projectile moves: [C,10] -> out of the board
  A projectile moves: [C,9] -> [C,10]
  A projectile moves: [C,8] -> [C,9]
  A projectile moves: [C,7] -> [C,8]
  The Starfighter stays at: [C,1]
      1  2  3  4  5  6  7  8  9 10
    A _  _  _  _  _  _  _  _  _  _
    B _  _  _  _  _  _  _  _  _  _
    C S  _  _  _  _  _  _  *  *  *
    D _  _  _  _  _  _  _  _  _  _
    E _  _  _  _  _  _  _  _  _  _
->redo
  state:18.0, ok
  A projectile moves: [C,10] -> out of the board
  A projectile moves: [C,9] -> [C,10]
  A projectile moves: [C,8] -> [C,9]
  The Starfighter fires a projectile at: [C,1]
      1  2  3  4  5  6  7  8  9 10
    A _  _  _  _  _  _  _  _  _  _
    B _  _  _  _  _  _  _  _  _  _
    C S  *  _  _  _  _  _  _  *  *
    D _  _  _  _  _  _  _  _  _  _
    E _  _  _  _  _  _  _  _  _  _
->redo
  state:19.0, ok
  A projectile moves: [C,10] -> out of the board
  A projectile moves: [C,9] -> [C,10]
  A projectile moves: [C,2] -> [C,3]
  The Starfighter fires a projectile at: [C,1]
      1  2  3  4  5  6  7  8  9 10
    A _  _  _  _  _  _  _  _  _  _
    B _  _  _  _  _  _  _  _  _  _
    C S  *  *  _  _  _  _  _  _  *
    D _  _  _  _  _  _  _  _  _  _
    E _  _  _  _  _  _  _  _  _  _
->redo
  state:20.0, ok
  A projectile moves: [C,10] -> out of the board
  A projectile moves: [C,3] -> [C,4]
  A projectile moves: [C,2] -> [C,3]
  The Starfighter fires a projectile at: [C,1]
      1  2  3  4  5  6  7  8  9 10
    A _  _  _  _  _  _  _  _  _  _
    B _  _  _  _  _  _  _  _  _  _
    C S  *  *  *  _  _  _  _  _  _
    D _  _  _  _  _  _  _  _  _  _
    E _  _  _  _  _  _  _  _  _  _
->redo
  state:21.0, ok
  A projectile moves: [C,4] -> [C,5]
  A projectile moves: [C,3] -> [C,4]
  A projectile moves: [C,2] -> [C,3]
  The Starfighter fires a projectile at: [C,1]
      1  2  3  4  5  6  7  8  9 10
    A _  _  _  _  _  _  _  _  _  _
    B _  _  _  _  _  _  _  _  _  _
    C S  *  *  *  *  _  _  _  _  _
    D _  _  _  _  _  _  _  _  _  _
    E _  _  _  _  _  _  _  _  _  _
->redo
  state:22.0, ok
  A projectile moves: [C,5] -> [C,6]
  A projectile moves: [C,4] -> [C,5]
  A projectile moves: [C,3] -> [C,4]
  A projectile moves: [C,2] -> [C,3]
  The Starfighter stays at: [C,1]
      1  2  3  4  5  6  7  8  9 10
    A _  _  _  _  _  _  _  _  _  _
    B _  _  _  _  _  _  _  _  _  _
    C S  _  *  *  *  *  _  _  _  _
    D _  _  _  _  _  _  _  _  _  _
    E _  _  _  _  _  _  _  _  _  _
->redo
  state:23.0, ok
  A projectile moves: [C,6] -> [C,7]
  A projectile moves: [C,5] -> [C,6]
  A projectile moves: [C,4] -> [C,5]
  A projectile moves: [C,3] -> [C,4]
  The Starfighter stays at: [C,1]
      1  2  3  4  5  6  7  8  9 10
    A _  _  _  _  _  _  _  _  _  _
    B _  _  _  _  _  _  _  _  _  _
    C S  _  _  *  *  *  *  _  _  _
    D _  _  _  _  _  _  _  _  _  _
    E _  _  _  _  _  _  _  _  _  _
->redo
  state:24.0, ok
  A projectile moves: [C,7] -> [C,8]
  A projectile moves: [C,6] -> [C,7]
  A projectile moves: [C,5] -> [C,6]
  A projectile moves: [C,4] -> [C,5]
  The Starfighter stays at: [C,1]
      1  2  3  4  5  6  7  8  9 10
    A _  _  _  _  _  _  _  _  _  _
    B _  _  _  _  _  _  _  _  _  _
    C S  _  _  _  *  *  *  *  _  _
    D _  _  _  _  _  _  _  _  _  _
    E _  _  _  _  _  _  _  _  _  _
->redo
  state:25.0, ok
  A projectile moves: [C,8] -> [C,9]
  A projectile moves: [C,7] -> [C,8]
  A projectile moves: [C,6] -> [C,7]
  A projectile moves: [C,5] -> [C,6]
  The Starfighter stays at: [C,1]
      1  2  3  4  5  6  7  8  9 10
    A _  _  _  _  _  _  _  _  _  _
    B _  _  _  _  _  _  _  _  _  _
    C S  _  _  _  _  *  *  *  *  _
    D _  _  _  _  _  _  _  _  _  _
    E _  _  _  _  _  _  _  _  _  _
->redo
  state:26.0, ok
  A projectile moves: [C,9] -> [C,10]
  A projectile moves: [C,8] -> [C,9]
  A projectile moves: [C,7] -> [C,8]
  A projectile moves: [C,6] -> [C,7]
  The Starfighter stays at: [C,1]
      1  2  3  4  5  6  7  8  9 10
    A _  _  _  _  _  _  _  _  _  _
    B _  _  _  _  _  _  _  _  _  _
    C S  _  _  _  _  _  *  *  *  *
    D _  _  _  _  _  _  _  _  _  _
    E _  _  _  _  _  _  _  _  _  _
->redo
  state:27.0, ok
  A projectile moves: [C,10] -> out of the board
  A projectile moves: [C,9] -> [C,10]
  A projectile moves: [C,8] -> [C,9]
  A projectile moves: [C,7] -> [C,8]
  The Starfighter stays at: [C,1]
      1  2  3  4  5  6  7  8  9 10
    A _  _  _  _  _  _  _  _  _  _
    B _  _  _  _  _  _  _  _  _  _
    C S  _  _  _  _  _  _  *  *  *
    D _  _  _  _  _  _  _  _  _  _
    E _  _  _  _  _  _  _  _  _  _
->redo
  state:28.0, ok
  A projectile moves: [C,10] -> out of the board
  A projectile moves: [C,9] -> [C,10]
  A projectile moves: [C,8] -> [C,9]
  The Starfighter fires a projectile at: [C,1]
      1  2  3  4  5  6  7  8  9 10
    A _  _  _  _  _  _  _  _  _  _
    B _  _  _  _  _  _  _  _  _  _
    C S  *  _  _  _  _  _  _  *  *
    D _  _  _  _  _  _  _  _  _  _
    E _  _  _  _  _  _  _  _  _  _
->redo
  state:29.0, ok
  A projectile moves: [C,10] -> out of the board
  A projectile moves: [C,9] -> [C,10]
  A projectile moves: [C,2] -> [C,3]
  The Starfighter fires a projectile at: [C,1]
      1  2  3  4  5  6  7  8  9 10
    A _  _  _  _  _  _  _  _  _  _
    B _  _  _  _  _  _  _  _  _  _
    C S  *  *  _  _  _  _  _  _  *
    D _  _  _  _  _  _  _  _  _  _
    E _  _  _  _  _  _  _  _  _  _
->redo
  state:30.0, ok
  A projectile moves: [C,10] -> out of the board
  A projectile moves: [C,3] -> [C,4]
  A projectile moves: [C,2] -> [C,3]
  The Starfighter fires a projectile at: [C,1]
      1  2  3  4  5  6  7  8  9 10
    A _  _  _  _  _  _  _  _  _  _
    B _  _  _  _  _  _  _  _  _  _
    C S  *  *  *  _  _  _  _  _  _
    D _  _  _  _  _  _  _  _  _  _
    E _  _  _  _  _  _  _  _  _  _
->redo
  state:31.0, ok
  A projectile moves: [C,4] -> [C,5]
  A projectile moves: [C,3] -> [C,4]
  A projectile moves: [C,2] -> [C,3]
  The Starfighter fires a projectile at: [C,1]
      1  2  3  4  5  6  7  8  9 10
    A _  _  _  _  _  _  _  _  _  _
    B _  _  _  _  _  _  _  _  _  _
    C S  *  *  *  *  _  _  _  _  _
    D _  _  _  _  _  _  _  _  _  _
    E _  _  _  _  _  _  _  _  _  _
->redo
  state:31.1, error
  Nothing left to redo.
->redo
  state:31.2, error
  Nothing left to redo.
->redo
  state:31.3, error
  Nothing left to redo.
->redo
  state:31.4, error
  Nothing left to redo.
->redo
  state:31.5, error
  Nothing left to redo.
->redo
  state:31.6, error
  Nothing left to redo.
->redo
  state:31.7, error
  Nothing left to redo.
->redo
  state:31.8, error
  Nothing left to redo.
->redo
  state:31.9, error
  Nothing left to redo.
->redo
  state:31.10, error
  Nothing left to redo.
